2025-08-04 14:36:28,783 [INFO] Activator:176 - 


2025-08-04 14:36:28,801 [INFO] Activator:177 - !SESSION log4j initialized
2025-08-04 14:36:47,113 [INFO] LogOutputStream:77 - [STDOUT_REDIRECT] 
2025-08-04 14:36:50,022 [ERROR] ConfigurationRetriever:142 - IOException on connection: Connect timed out
2025-08-04 14:36:52,039 [ERROR] ConfigurationRetriever:142 - IOException on connection: Connect timed out
2025-08-04 14:36:54,056 [ERROR] ConfigurationRetriever:142 - IOException on connection: Connect timed out
2025-08-04 14:37:03,056 [INFO] ApplicationProperties:184 - Using Application install path: C:\ST\STM32CubeIDE_1.17.0\STM32CubeIDE\plugins\com.st.stm32cube.common.mx_6.13.0.202411220809
2025-08-04 14:37:03,091 [INFO] DbMcusXml:78 - Set database path to: C:\ST\STM32CubeIDE_1.17.0\STM32CubeIDE\plugins\com.st.stm32cube.common.mx_6.13.0.202411220809\\db\/mcu/
2025-08-04 14:37:03,092 [INFO] ApiDb:274 - Set plugin database path to: C:\ST\STM32CubeIDE_1.17.0\STM32CubeIDE\plugins\com.st.stm32cube.common.mx_6.13.0.202411220809\\db\/plugins/boardmanager/
2025-08-04 14:37:03,093 [WARN] ApiDb:259 - Overriding images path with different value:  => C:\ST\STM32CubeIDE_1.17.0\STM32CubeIDE\plugins\com.st.stm32cube.common.mx_6.13.0.202411220809\\db\/plugins/mcufinder/images/
2025-08-04 14:37:03,110 [INFO] ApiDb:250 - Set database path to: C:\Users\Santiago\.stmcufinder\plugins\mcufinder//mcu/
2025-08-04 14:37:03,113 [INFO] DbMcusAds:125 - Set database path to: C:\Users\Santiago\.stmcufinder\plugins\mcufinder//mcu/
2025-08-04 14:37:03,254 [INFO] CrossReferenceDbSqlite:203 - Set database path to: C:\Users\Santiago\.stmcufinder\plugins\mcufinder//mcu/cs/
2025-08-04 14:37:03,544 [INFO] RulesReader:64 - Compatibility file has been processed (297 Rules)
2025-08-04 14:37:03,755 [INFO] DbMcusXml:78 - Set database path to: C:\ST\STM32CubeIDE_1.17.0\STM32CubeIDE\plugins\com.st.stm32cube.common.mx_6.13.0.202411220809\\db\/mcu/
2025-08-04 14:37:03,755 [INFO] ApiDb:274 - Set plugin database path to: C:\ST\STM32CubeIDE_1.17.0\STM32CubeIDE\plugins\com.st.stm32cube.common.mx_6.13.0.202411220809\\db\/plugins/boardmanager/
2025-08-04 14:37:03,756 [INFO] ApiDb:261 - Set plugin images path to: C:\ST\STM32CubeIDE_1.17.0\STM32CubeIDE\plugins\com.st.stm32cube.common.mx_6.13.0.202411220809\\db\/plugins/mcufinder/images/
2025-08-04 14:37:03,756 [WARN] DbFile:41 - Overriding database path with different value: C:\Users\Santiago\.stmcufinder\plugins\mcufinder/ => C:\Users\Santiago\.stmcufinder\plugins\mcufinder
2025-08-04 14:37:03,756 [INFO] ApiDb:250 - Set database path to: C:\Users\Santiago\.stmcufinder\plugins\mcufinder//mcu/
2025-08-04 14:37:03,756 [WARN] DbFile:41 - Overriding database path with different value: C:\Users\Santiago\.stmcufinder\plugins\mcufinder/ => C:\Users\Santiago\.stmcufinder\plugins\mcufinder
2025-08-04 14:37:03,756 [INFO] DbMcusAds:125 - Set database path to: C:\Users\Santiago\.stmcufinder\plugins\mcufinder//mcu/
2025-08-04 14:37:03,757 [WARN] DbFile:41 - Overriding database path with different value: C:\Users\Santiago\.stmcufinder\plugins\mcufinder/ => C:\Users\Santiago\.stmcufinder\plugins\mcufinder
2025-08-04 14:37:03,757 [WARN] DbFile:41 - Overriding database path with different value: C:\Users\Santiago\.stmcufinder\plugins\mcufinder/ => C:\Users\Santiago\.stmcufinder\plugins\mcufinder
2025-08-04 14:37:03,757 [INFO] CrossReferenceDbSqlite:203 - Set database path to: C:\Users\Santiago\.stmcufinder\plugins\mcufinder//mcu/cs/
2025-08-04 14:37:03,951 [INFO] MainPanel:272 - HeapMemory: 268435456
2025-08-04 14:37:04,228 [INFO] DbMcusXml:78 - Set database path to: C:\ST\STM32CubeIDE_1.17.0\STM32CubeIDE\plugins\com.st.stm32cube.common.mx_6.13.0.202411220809\\db\/mcu/
2025-08-04 14:37:04,228 [INFO] ApiDb:274 - Set plugin database path to: C:\ST\STM32CubeIDE_1.17.0\STM32CubeIDE\plugins\com.st.stm32cube.common.mx_6.13.0.202411220809\\db\/plugins/boardmanager/
2025-08-04 14:37:04,229 [INFO] ApiDb:261 - Set plugin images path to: C:\ST\STM32CubeIDE_1.17.0\STM32CubeIDE\plugins\com.st.stm32cube.common.mx_6.13.0.202411220809\\db\/plugins/mcufinder/images/
2025-08-04 14:37:04,230 [WARN] DbFile:41 - Overriding database path with different value: C:\Users\Santiago\.stmcufinder\plugins\mcufinder/ => C:\Users\Santiago\.stmcufinder\plugins\mcufinder
2025-08-04 14:37:04,230 [INFO] ApiDb:250 - Set database path to: C:\Users\Santiago\.stmcufinder\plugins\mcufinder//mcu/
2025-08-04 14:37:04,230 [WARN] DbFile:41 - Overriding database path with different value: C:\Users\Santiago\.stmcufinder\plugins\mcufinder/ => C:\Users\Santiago\.stmcufinder\plugins\mcufinder
2025-08-04 14:37:04,230 [INFO] DbMcusAds:125 - Set database path to: C:\Users\Santiago\.stmcufinder\plugins\mcufinder//mcu/
2025-08-04 14:37:04,231 [WARN] DbFile:41 - Overriding database path with different value: C:\Users\Santiago\.stmcufinder\plugins\mcufinder/ => C:\Users\Santiago\.stmcufinder\plugins\mcufinder
2025-08-04 14:37:04,231 [WARN] DbFile:41 - Overriding database path with different value: C:\Users\Santiago\.stmcufinder\plugins\mcufinder/ => C:\Users\Santiago\.stmcufinder\plugins\mcufinder
2025-08-04 14:37:04,231 [INFO] CrossReferenceDbSqlite:203 - Set database path to: C:\Users\Santiago\.stmcufinder\plugins\mcufinder//mcu/cs/
2025-08-04 14:37:04,288 [INFO] ApplicationProperties:184 - Using Application install path: C:\ST\STM32CubeIDE_1.17.0\STM32CubeIDE\plugins\com.st.stm32cube.common.mx_6.13.0.202411220809
2025-08-04 14:37:04,292 [INFO] PluginManage:196 - Search for loadable plugins [exclusion list=, ]
2025-08-04 14:37:04,297 [INFO] PluginManage:310 - Check plugin analytics
2025-08-04 14:37:04,878 [INFO] AnalyticsPlugin:253 - Accepted Software Licenses: 
2025-08-04 14:37:04,881 [INFO] AnalyticsPlugin:255 - Accepted CMSIS Pack Licenses: 
2025-08-04 14:37:04,882 [INFO] AnalyticsPlugin:257 - Accepted Firmware Licenses: 
2025-08-04 14:37:04,893 [INFO] PluginManage:359 - Loaded plugin analytics (category:tool,tabindex:-1)
2025-08-04 14:37:04,895 [INFO] PluginManage:310 - Check plugin cadmodel
2025-08-04 14:37:04,957 [INFO] CADModel:105 - Init CAD model plugin
2025-08-04 14:37:04,957 [INFO] PluginManage:359 - Loaded plugin cadmodel (category:power,tabindex:5)
2025-08-04 14:37:04,958 [INFO] PluginManage:310 - Check plugin clock
2025-08-04 14:37:05,027 [INFO] PluginManage:359 - Loaded plugin clock (category:base,tabindex:2)
2025-08-04 14:37:05,029 [INFO] PluginManage:310 - Check plugin ddr
2025-08-04 14:37:05,036 [INFO] PluginManage:359 - Loaded plugin ddr (category:tool,tabindex:6)
2025-08-04 14:37:05,037 [INFO] PluginManage:310 - Check plugin filemanager
2025-08-04 14:37:05,595 [INFO] PluginManage:359 - Loaded plugin filemanager (category:base,tabindex:10)
2025-08-04 14:37:05,595 [INFO] PluginManage:310 - Check plugin ipmanager
2025-08-04 14:37:05,624 [INFO] PluginManage:359 - Loaded plugin ipmanager (category:base,tabindex:5)
2025-08-04 14:37:05,625 [INFO] PluginManage:310 - Check plugin lpbam
2025-08-04 14:37:05,692 [INFO] PluginManage:359 - Loaded plugin lpbam (category:base,tabindex:0)
2025-08-04 14:37:05,692 [INFO] PluginManage:310 - Check plugin memorymap
2025-08-04 14:37:05,787 [INFO] PluginManage:359 - Loaded plugin memorymap (category:base,tabindex:4)
2025-08-04 14:37:05,788 [INFO] PluginManage:310 - Check plugin pinoutandconfiguration
2025-08-04 14:37:05,900 [INFO] PluginManage:359 - Loaded plugin pinoutandconfiguration (category:base,tabindex:1)
2025-08-04 14:37:05,901 [INFO] PluginManage:310 - Check plugin pinoutconfig
2025-08-04 14:37:06,301 [WARN] SupportedApi:132 - Cannot load RTOS API schema: s4s-elt-must-match.1: The content of 'definitions' must match (annotation?, (simpleType | complexType)?, (unique | key | keyref)*)). A problem was found starting at: attribute.
2025-08-04 14:37:06,712 [INFO] PluginManage:359 - Loaded plugin pinoutconfig (category:base,tabindex:0)
2025-08-04 14:37:06,712 [INFO] PluginManage:310 - Check plugin power
2025-08-04 14:37:06,769 [INFO] PluginManage:359 - Loaded plugin power (category:power,tabindex:4)
2025-08-04 14:37:06,770 [INFO] PluginManage:310 - Check plugin projectmanager
2025-08-04 14:37:06,815 [INFO] PluginManage:359 - Loaded plugin projectmanager (category:projectmanager,tabindex:4)
2025-08-04 14:37:06,816 [INFO] PluginManage:310 - Check plugin rif
2025-08-04 14:37:06,864 [INFO] PluginManage:359 - Loaded plugin rif (category:base,tabindex:3)
2025-08-04 14:37:06,864 [INFO] PluginManage:310 - Check plugin thirdparty
2025-08-04 14:37:07,805 [INFO] PluginManage:359 - Loaded plugin thirdparty (category:base,tabindex:-1)
2025-08-04 14:37:07,805 [WARN] IntegrityCheckThread:84 - waiting for thirdparty lock release [integrity check]
2025-08-04 14:37:07,806 [INFO] IntegrityCheckThread:86 - entering critical section [integrity check]
2025-08-04 14:37:07,806 [INFO] PluginManage:310 - Check plugin tools
2025-08-04 14:37:07,807 [INFO] ThirdPartyUpdaterWithRetryManager:70 - Updater plugin not ready yet. [1/15]
2025-08-04 14:37:07,939 [INFO] PluginManage:359 - Loaded plugin tools (category:base,tabindex:7)
2025-08-04 14:37:07,940 [INFO] PluginManage:310 - Check plugin tutovideos
2025-08-04 14:37:08,453 [INFO] PluginManage:359 - Loaded plugin tutovideos (category:base,tabindex:-1)
2025-08-04 14:37:08,454 [INFO] PluginManage:310 - Check plugin updater
2025-08-04 14:37:08,505 [INFO] PluginManage:359 - Loaded plugin updater (category:base,tabindex:12)
2025-08-04 14:37:08,505 [INFO] PluginManage:310 - Check plugin userauth
2025-08-04 14:37:08,516 [INFO] UserAuth:118 - Init User Auth plugin
2025-08-04 14:37:08,518 [INFO] PluginManage:359 - Loaded plugin userauth (category:base,tabindex:14)
2025-08-04 14:37:08,520 [INFO] PluginManage:283 - PluginManage : Loaded plugins [18]
2025-08-04 14:37:09,041 [INFO] PinOutPanel:1589 - setPackage(No Configuration,No Configuration)
2025-08-04 14:37:09,272 [INFO] CADModel:165 - CPN selected for project level
2025-08-04 14:37:09,273 [INFO] CADModel:114 - Register for checkConnection events
2025-08-04 14:37:09,362 [INFO] IPUIPlugin:80 - create IPUIPlugin
2025-08-04 14:37:09,363 [INFO] PluginManager:220 - loadIPPluginJar : add adc
2025-08-04 14:37:09,486 [INFO] IPUIPlugin:80 - create IPUIPlugin
2025-08-04 14:37:09,487 [INFO] PluginManager:220 - loadIPPluginJar : add aes
2025-08-04 14:37:09,631 [INFO] IPUIPlugin:80 - create IPUIPlugin
2025-08-04 14:37:09,632 [INFO] PluginManager:220 - loadIPPluginJar : add can
2025-08-04 14:37:09,728 [INFO] IPUIPlugin:80 - create IPUIPlugin
2025-08-04 14:37:09,729 [INFO] PluginManager:220 - loadIPPluginJar : add comp
2025-08-04 14:37:09,841 [INFO] IPUIPlugin:80 - create IPUIPlugin
2025-08-04 14:37:09,842 [INFO] PluginManager:220 - loadIPPluginJar : add cryp
2025-08-04 14:37:09,884 [INFO] IPUIPlugin:80 - create IPUIPlugin
2025-08-04 14:37:09,884 [INFO] PluginManager:220 - loadIPPluginJar : add ddr_ctrl_phy
2025-08-04 14:37:09,894 [ERROR] ConfigurationRetriever:142 - IOException on connection: Connect timed out
2025-08-04 14:37:09,985 [INFO] IPUIPlugin:80 - create IPUIPlugin
2025-08-04 14:37:09,985 [INFO] PluginManager:220 - loadIPPluginJar : add dfsdm
2025-08-04 14:37:10,023 [INFO] IPUIPlugin:80 - create IPUIPlugin
2025-08-04 14:37:10,024 [INFO] PluginManager:220 - loadIPPluginJar : add dma
2025-08-04 14:37:10,157 [INFO] IPUIPlugin:80 - create IPUIPlugin
2025-08-04 14:37:10,158 [INFO] PluginManager:220 - loadIPPluginJar : add dma3
2025-08-04 14:37:10,305 [INFO] IPUIPlugin:80 - create IPUIPlugin
2025-08-04 14:37:10,305 [INFO] PluginManager:220 - loadIPPluginJar : add extmemmanager
2025-08-04 14:37:10,399 [INFO] IPUIPlugin:80 - create IPUIPlugin
2025-08-04 14:37:10,399 [INFO] PluginManager:220 - loadIPPluginJar : add fatfs
2025-08-04 14:37:10,537 [INFO] IPUIPlugin:80 - create IPUIPlugin
2025-08-04 14:37:10,538 [INFO] PluginManager:220 - loadIPPluginJar : add fmc
2025-08-04 14:37:10,587 [INFO] IPUIPlugin:80 - create IPUIPlugin
2025-08-04 14:37:10,587 [INFO] PluginManager:220 - loadIPPluginJar : add freertos
2025-08-04 14:37:10,661 [INFO] IPUIPlugin:80 - create IPUIPlugin
2025-08-04 14:37:10,661 [INFO] PluginManager:220 - loadIPPluginJar : add genericplugin
2025-08-04 14:37:10,809 [INFO] ThirdPartyUpdaterWithRetryManager:70 - Updater plugin not ready yet. [2/15]
2025-08-04 14:37:10,996 [INFO] IPUIPlugin:80 - create IPUIPlugin
2025-08-04 14:37:10,997 [INFO] PluginManager:220 - loadIPPluginJar : add gfxmmu
2025-08-04 14:37:11,472 [INFO] IPUIPlugin:80 - create IPUIPlugin
2025-08-04 14:37:11,473 [INFO] PluginManager:220 - loadIPPluginJar : add gic
2025-08-04 14:37:11,507 [INFO] IPUIPlugin:80 - create IPUIPlugin
2025-08-04 14:37:11,507 [INFO] PluginManager:220 - loadIPPluginJar : add gpio
2025-08-04 14:37:11,792 [INFO] IPUIPlugin:80 - create IPUIPlugin
2025-08-04 14:37:11,792 [INFO] PluginManager:220 - loadIPPluginJar : add gtzc
2025-08-04 14:37:11,912 [INFO] IPUIPlugin:80 - create IPUIPlugin
2025-08-04 14:37:11,912 [INFO] PluginManager:220 - loadIPPluginJar : add hash
2025-08-04 14:37:12,079 [INFO] IPUIPlugin:80 - create IPUIPlugin
2025-08-04 14:37:12,079 [INFO] PluginManager:220 - loadIPPluginJar : add i2c
2025-08-04 14:37:12,212 [INFO] IPUIPlugin:80 - create IPUIPlugin
2025-08-04 14:37:12,213 [INFO] PluginManager:220 - loadIPPluginJar : add i2s
2025-08-04 14:37:12,357 [INFO] IPUIPlugin:80 - create IPUIPlugin
2025-08-04 14:37:12,357 [INFO] PluginManager:220 - loadIPPluginJar : add i3c
2025-08-04 14:37:12,658 [INFO] IPUIPlugin:80 - create IPUIPlugin
2025-08-04 14:37:12,659 [INFO] PluginManager:220 - loadIPPluginJar : add ipddr
2025-08-04 14:37:13,012 [INFO] IPUIPlugin:80 - create IPUIPlugin
2025-08-04 14:37:13,013 [INFO] PluginManager:220 - loadIPPluginJar : add linkedlist
2025-08-04 14:37:13,145 [INFO] IPUIPlugin:80 - create IPUIPlugin
2025-08-04 14:37:13,145 [INFO] PluginManager:220 - loadIPPluginJar : add lorawan
2025-08-04 14:37:13,273 [INFO] IPUIPlugin:80 - create IPUIPlugin
2025-08-04 14:37:13,274 [INFO] PluginManager:220 - loadIPPluginJar : add ltdc
2025-08-04 14:37:13,313 [INFO] IPUIPlugin:80 - create IPUIPlugin
2025-08-04 14:37:13,314 [INFO] PluginManager:220 - loadIPPluginJar : add mdma
2025-08-04 14:37:13,347 [INFO] IPUIPlugin:80 - create IPUIPlugin
2025-08-04 14:37:13,347 [INFO] PluginManager:220 - loadIPPluginJar : add nvic
2025-08-04 14:37:13,468 [INFO] IPUIPlugin:80 - create IPUIPlugin
2025-08-04 14:37:13,469 [INFO] PluginManager:220 - loadIPPluginJar : add opamp
2025-08-04 14:37:13,677 [INFO] IPUIPlugin:80 - create IPUIPlugin
2025-08-04 14:37:13,678 [INFO] PluginManager:220 - loadIPPluginJar : add openamp
2025-08-04 14:37:13,810 [INFO] ThirdPartyUpdaterWithRetryManager:70 - Updater plugin not ready yet. [3/15]
2025-08-04 14:37:13,843 [INFO] IPUIPlugin:80 - create IPUIPlugin
2025-08-04 14:37:13,843 [INFO] PluginManager:220 - loadIPPluginJar : add pdm2pcm
2025-08-04 14:37:13,882 [INFO] IPUIPlugin:80 - create IPUIPlugin
2025-08-04 14:37:13,888 [INFO] PluginManager:220 - loadIPPluginJar : add plateformsettings
2025-08-04 14:37:13,961 [INFO] IPUIPlugin:80 - create IPUIPlugin
2025-08-04 14:37:13,962 [INFO] PluginManager:220 - loadIPPluginJar : add quadspi
2025-08-04 14:37:14,046 [INFO] IPUIPlugin:80 - create IPUIPlugin
2025-08-04 14:37:14,049 [INFO] PluginManager:220 - loadIPPluginJar : add radio
2025-08-04 14:37:14,086 [INFO] IPUIPlugin:80 - create IPUIPlugin
2025-08-04 14:37:14,086 [INFO] PluginManager:220 - loadIPPluginJar : add resmgrutility
2025-08-04 14:37:14,238 [INFO] IPUIPlugin:80 - create IPUIPlugin
2025-08-04 14:37:14,238 [INFO] PluginManager:220 - loadIPPluginJar : add sai
2025-08-04 14:37:14,366 [INFO] IPUIPlugin:80 - create IPUIPlugin
2025-08-04 14:37:14,367 [INFO] PluginManager:220 - loadIPPluginJar : add spi
2025-08-04 14:37:14,561 [INFO] IPUIPlugin:80 - create IPUIPlugin
2025-08-04 14:37:14,561 [INFO] PluginManager:220 - loadIPPluginJar : add stm32_wpan
2025-08-04 14:37:14,650 [INFO] IPUIPlugin:80 - create IPUIPlugin
2025-08-04 14:37:14,650 [INFO] PluginManager:220 - loadIPPluginJar : add tim
2025-08-04 14:37:14,833 [INFO] IPUIPlugin:80 - create IPUIPlugin
2025-08-04 14:37:14,833 [INFO] PluginManager:220 - loadIPPluginJar : add touchsensing
2025-08-04 14:37:14,898 [ERROR] ConfigurationRetriever:142 - IOException on connection: Connect timed out
2025-08-04 14:37:14,913 [INFO] IPUIPlugin:80 - create IPUIPlugin
2025-08-04 14:37:14,914 [INFO] PluginManager:220 - loadIPPluginJar : add tracer_emb
2025-08-04 14:37:14,992 [INFO] IPUIPlugin:80 - create IPUIPlugin
2025-08-04 14:37:14,992 [INFO] PluginManager:220 - loadIPPluginJar : add ts
2025-08-04 14:37:15,067 [INFO] IPUIPlugin:80 - create IPUIPlugin
2025-08-04 14:37:15,067 [INFO] PluginManager:220 - loadIPPluginJar : add tsc
2025-08-04 14:37:15,142 [INFO] IPUIPlugin:80 - create IPUIPlugin
2025-08-04 14:37:15,143 [INFO] PluginManager:220 - loadIPPluginJar : add ucpd
2025-08-04 14:37:15,296 [INFO] IPUIPlugin:80 - create IPUIPlugin
2025-08-04 14:37:15,296 [INFO] PluginManager:220 - loadIPPluginJar : add usart
2025-08-04 14:37:15,436 [INFO] IPUIPlugin:80 - create IPUIPlugin
2025-08-04 14:37:15,437 [INFO] PluginManager:220 - loadIPPluginJar : add usbx
2025-08-04 14:37:15,650 [FATAL] Updater:351 - Updater called before beeing initialized
2025-08-04 14:37:15,734 [INFO] RulesReader:64 - Compatibility file has been processed (297 Rules)
2025-08-04 14:37:15,761 [INFO] RulesReader:64 - Compatibility file has been processed (297 Rules)
2025-08-04 14:37:15,781 [INFO] CADModel:165 - CPN selected for project level
2025-08-04 14:37:15,781 [INFO] CADModel:114 - Register for checkConnection events
2025-08-04 14:37:15,781 [FATAL] Updater:351 - Updater called before beeing initialized
2025-08-04 14:37:15,782 [ERROR] CADModel:125 - Updater not yet initialized, retry later 
2025-08-04 14:37:16,183 [FATAL] Updater:351 - Updater called before beeing initialized
2025-08-04 14:37:16,188 [INFO] CADModel:165 - CPN selected for project level
2025-08-04 14:37:16,189 [INFO] CADModel:114 - Register for checkConnection events
2025-08-04 14:37:16,189 [FATAL] Updater:351 - Updater called before beeing initialized
2025-08-04 14:37:16,189 [ERROR] CADModel:125 - Updater not yet initialized, retry later 
2025-08-04 14:37:16,196 [FATAL] Updater:351 - Updater called before beeing initialized
2025-08-04 14:37:16,509 [FATAL] Updater:351 - Updater called before beeing initialized
2025-08-04 14:37:16,539 [INFO] DbMcusAds:53 - JSON generation date=Tue Jul 08 05:14:23 ART 2025 (1751962463524)
2025-08-04 14:37:16,540 [FATAL] Updater:351 - Updater called before beeing initialized
2025-08-04 14:37:16,676 [WARN] DetailPanel:346 - Failed to get advertising image, set to default
2025-08-04 14:37:16,812 [INFO] ThirdPartyUpdaterWithRetryManager:70 - Updater plugin not ready yet. [4/15]
2025-08-04 14:37:17,478 [FATAL] Updater:351 - Updater called before beeing initialized
2025-08-04 14:37:17,483 [FATAL] Updater:351 - Updater called before beeing initialized
2025-08-04 14:37:17,484 [FATAL] Updater:351 - Updater called before beeing initialized
2025-08-04 14:37:17,484 [WARN] DetailPanel:346 - Failed to get advertising image, set to default
2025-08-04 14:37:17,488 [FATAL] Updater:351 - Updater called before beeing initialized
2025-08-04 14:37:17,877 [ERROR] Updater:1198 - MainUpdater not yet initialized. External WinMGr cannot be set.
2025-08-04 14:37:17,905 [INFO] Updater:1134 - Updater Version found : 6.13.0
2025-08-04 14:37:17,941 [INFO] ApplicationProperties:184 - Using Application install path: C:\ST\STM32CubeIDE_1.17.0\STM32CubeIDE\plugins\com.st.stm32cube.common.mx_6.13.0.202411220809
2025-08-04 14:37:19,572 [ERROR] LogOutputStream:75 - [STDERR_REDIRECT] Aug 04, 2025 2:37:19 PM java.util.prefs.WindowsPreferences <init>
2025-08-04 14:37:19,576 [ERROR] LogOutputStream:75 - [STDERR_REDIRECT] WARNING: Could not open/create prefs root node Software\JavaSoft\Prefs at root 0xffffffff80000002. Windows RegCreateKeyEx(...) returned error code 5.
2025-08-04 14:37:19,577 [ERROR] LogOutputStream:75 - [STDERR_REDIRECT] 
2025-08-04 14:37:19,815 [FATAL] Updater:351 - Updater called before beeing initialized
2025-08-04 14:37:19,816 [ERROR] IntegrityCheckThread:130 - Cannot retrieve database content from updater: error 21
2025-08-04 14:37:19,817 [INFO] ThirdParty:978 - Integrity check success = false
2025-08-04 14:37:19,817 [INFO] IntegrityCheckThread:100 - exiting critical section [integrity check]
2025-08-04 14:37:19,817 [INFO] IntegrityCheckThread:103 - End integrity checks thread
2025-08-04 14:37:19,901 [ERROR] ConfigurationRetriever:142 - IOException on connection: Connect timed out
2025-08-04 14:37:24,275 [WARN] CheckConnectionManager:291 - Warning during Server Connection :  timeout Connect to sw-center.st.com:443 [sw-center.st.com/170.51.241.9, sw-center.st.com/170.51.241.11] failed: Connect timed out
2025-08-04 14:37:28,311 [WARN] CheckConnectionManager:291 - Warning during Server Connection :  timeout Connect to sw-center.st.com:443 [sw-center.st.com/170.51.241.9, sw-center.st.com/170.51.241.11] failed: Connect timed out
2025-08-04 14:37:28,322 [INFO] MainUpdater:2872 - connection check result : 22
2025-08-04 14:37:28,324 [INFO] MainUpdater:289 - Updater Check For Update Now.
2025-08-04 14:37:28,326 [INFO] MicroXplorer:498 - Change Database Version : DB.6.0.130
2025-08-04 14:37:28,382 [INFO] McuFinderGlobals:63 - Set McuFinder mode to 2 (CubeIDE integrated)
2025-08-04 14:37:28,384 [INFO] UserAuth:171 - activating auth plugin
2025-08-04 14:37:28,396 [INFO] UserAuth:486 - Internet connection configuration mode: 2
2025-08-04 14:37:28,478 [INFO] UserAuth:486 - Internet connection configuration mode: 2
2025-08-04 14:37:29,205 [INFO] CheckServerUpdateThread:120 - End of CheckServer Thread
2025-08-04 18:10:02,105 [ERROR] ConfigurationRetriever:142 - IOException on connection: Connect timed out
2025-08-04 18:10:04,108 [ERROR] ConfigurationRetriever:142 - IOException on connection: Connect timed out
2025-08-04 18:10:06,111 [ERROR] ConfigurationRetriever:142 - IOException on connection: Connect timed out
2025-08-04 19:21:56,359 [ERROR] ConfigurationRetriever:142 - IOException on connection: Connect timed out
2025-08-04 19:21:58,361 [ERROR] ConfigurationRetriever:142 - IOException on connection: Connect timed out
2025-08-04 19:22:00,364 [ERROR] ConfigurationRetriever:142 - IOException on connection: Connect timed out
