19:54:05 **** Incremental Build of configuration Debug for project MdeE_V2 ****
make -j4 all 
arm-none-eabi-gcc "../app/src/task_display.c" -mcpu=cortex-m3 -std=gnu11 -g3 -DDEBUG -DUSE_HAL_DRIVER -DSTM32F103xB -c -I../Core/Inc -I../Drivers/STM32F1xx_HAL_Driver/Inc -I../Drivers/STM32F1xx_HAL_Driver/Inc/Legacy -I../Drivers/CMSIS/Device/ST/STM32F1xx/Include -I../Drivers/CMSIS/Include -I../app/inc -O0 -ffunction-sections -fdata-sections -Wall -fstack-usage -fcyclomatic-complexity -MMD -MP -MF"app/src/task_display.d" -MT"app/src/task_display.o" --specs=nano.specs -mfloat-abi=soft -mthumb -o "app/src/task_display.o"
arm-none-eabi-gcc "../app/src/task_system.c" -mcpu=cortex-m3 -std=gnu11 -g3 -DDEBUG -DUSE_HAL_DRIVER -DSTM32F103xB -c -I../Core/Inc -I../Drivers/STM32F1xx_HAL_Driver/Inc -I../Drivers/STM32F1xx_HAL_Driver/Inc/Legacy -I../Drivers/CMSIS/Device/ST/STM32F1xx/Include -I../Drivers/CMSIS/Include -I../app/inc -O0 -ffunction-sections -fdata-sections -Wall -fstack-usage -fcyclomatic-complexity -MMD -MP -MF"app/src/task_system.d" -MT"app/src/task_system.o" --specs=nano.specs -mfloat-abi=soft -mthumb -o "app/src/task_system.o"
arm-none-eabi-gcc -o "MdeE_V2.elf" @"objects.list"  -lrdimon -mcpu=cortex-m3 -T"C:\Users\Santiago\Desktop\facu\2025c1\TPF_TDSE\Pruebas_workspace\MdeE_V2\STM32F103RBTX_FLASH.ld" --specs=nosys.specs -Wl,-Map="MdeE_V2.map" -Wl,--gc-sections -static -specs=rdimon.specs --specs=nano.specs -mfloat-abi=soft -mthumb -Wl,--start-group -lc -lm -Wl,--end-group
Finished building target: MdeE_V2.elf
 
arm-none-eabi-size  MdeE_V2.elf 
arm-none-eabi-objdump -h -S MdeE_V2.elf  > "MdeE_V2.list"
   text	   data	    bss	    dec	    hex	filename
  34676	    248	   2480	  37404	   921c	MdeE_V2.elf
Finished building: default.size.stdout
 
Finished building: MdeE_V2.list
 
19:54:26 **** Incremental Build of configuration Debug for project MdeE_V2 ****
make -j4 all 
arm-none-eabi-size  MdeE_V2.elf 
   text	   data	    bss	    dec	    hex	filename
  34676	    248	   2480	  37404	   921c	MdeE_V2.elf
Finished building: default.size.stdout
 
19:58:25 **** Incremental Build of configuration Debug for project MdeE_V2 ****
make -j4 all 
arm-none-eabi-gcc "../app/src/task_display.c" -mcpu=cortex-m3 -std=gnu11 -g3 -DDEBUG -DUSE_HAL_DRIVER -DSTM32F103xB -c -I../Core/Inc -I../Drivers/STM32F1xx_HAL_Driver/Inc -I../Drivers/STM32F1xx_HAL_Driver/Inc/Legacy -I../Drivers/CMSIS/Device/ST/STM32F1xx/Include -I../Drivers/CMSIS/Include -I../app/inc -O0 -ffunction-sections -fdata-sections -Wall -fstack-usage -fcyclomatic-complexity -MMD -MP -MF"app/src/task_display.d" -MT"app/src/task_display.o" --specs=nano.specs -mfloat-abi=soft -mthumb -o "app/src/task_display.o"
arm-none-eabi-gcc -o "MdeE_V2.elf" @"objects.list"  -lrdimon -mcpu=cortex-m3 -T"C:\Users\Santiago\Desktop\facu\2025c1\TPF_TDSE\Pruebas_workspace\MdeE_V2\STM32F103RBTX_FLASH.ld" --specs=nosys.specs -Wl,-Map="MdeE_V2.map" -Wl,--gc-sections -static -specs=rdimon.specs --specs=nano.specs -mfloat-abi=soft -mthumb -Wl,--start-group -lc -lm -Wl,--end-group
Finished building target: MdeE_V2.elf
 
arm-none-eabi-size  MdeE_V2.elf 
arm-none-eabi-objdump -h -S MdeE_V2.elf  > "MdeE_V2.list"
   text	   data	    bss	    dec	    hex	filename
  34748	    248	   2480	  37476	   9264	MdeE_V2.elf
Finished building: default.size.stdout
 
Finished building: MdeE_V2.list
 
20:00:23 **** Incremental Build of configuration Debug for project MdeE_V2 ****
make -j4 all 
arm-none-eabi-gcc "../app/src/task_display.c" -mcpu=cortex-m3 -std=gnu11 -g3 -DDEBUG -DUSE_HAL_DRIVER -DSTM32F103xB -c -I../Core/Inc -I../Drivers/STM32F1xx_HAL_Driver/Inc -I../Drivers/STM32F1xx_HAL_Driver/Inc/Legacy -I../Drivers/CMSIS/Device/ST/STM32F1xx/Include -I../Drivers/CMSIS/Include -I../app/inc -O0 -ffunction-sections -fdata-sections -Wall -fstack-usage -fcyclomatic-complexity -MMD -MP -MF"app/src/task_display.d" -MT"app/src/task_display.o" --specs=nano.specs -mfloat-abi=soft -mthumb -o "app/src/task_display.o"
arm-none-eabi-gcc -o "MdeE_V2.elf" @"objects.list"  -lrdimon -mcpu=cortex-m3 -T"C:\Users\Santiago\Desktop\facu\2025c1\TPF_TDSE\Pruebas_workspace\MdeE_V2\STM32F103RBTX_FLASH.ld" --specs=nosys.specs -Wl,-Map="MdeE_V2.map" -Wl,--gc-sections -static -specs=rdimon.specs --specs=nano.specs -mfloat-abi=soft -mthumb -Wl,--start-group -lc -lm -Wl,--end-group
Finished building target: MdeE_V2.elf
 
arm-none-eabi-size  MdeE_V2.elf 
arm-none-eabi-objdump -h -S MdeE_V2.elf  > "MdeE_V2.list"
   text	   data	    bss	    dec	    hex	filename
  34932	    248	   2480	  37660	   931c	MdeE_V2.elf
Finished building: default.size.stdout
 
Finished building: MdeE_V2.list
 
20:05:34 **** Incremental Build of configuration Debug for project MdeE_V2 ****
make -j4 all 
arm-none-eabi-gcc "../app/src/task_display.c" -mcpu=cortex-m3 -std=gnu11 -g3 -DDEBUG -DUSE_HAL_DRIVER -DSTM32F103xB -c -I../Core/Inc -I../Drivers/STM32F1xx_HAL_Driver/Inc -I../Drivers/STM32F1xx_HAL_Driver/Inc/Legacy -I../Drivers/CMSIS/Device/ST/STM32F1xx/Include -I../Drivers/CMSIS/Include -I../app/inc -O0 -ffunction-sections -fdata-sections -Wall -fstack-usage -fcyclomatic-complexity -MMD -MP -MF"app/src/task_display.d" -MT"app/src/task_display.o" --specs=nano.specs -mfloat-abi=soft -mthumb -o "app/src/task_display.o"
arm-none-eabi-gcc "../app/src/task_system.c" -mcpu=cortex-m3 -std=gnu11 -g3 -DDEBUG -DUSE_HAL_DRIVER -DSTM32F103xB -c -I../Core/Inc -I../Drivers/STM32F1xx_HAL_Driver/Inc -I../Drivers/STM32F1xx_HAL_Driver/Inc/Legacy -I../Drivers/CMSIS/Device/ST/STM32F1xx/Include -I../Drivers/CMSIS/Include -I../app/inc -O0 -ffunction-sections -fdata-sections -Wall -fstack-usage -fcyclomatic-complexity -MMD -MP -MF"app/src/task_system.d" -MT"app/src/task_system.o" --specs=nano.specs -mfloat-abi=soft -mthumb -o "app/src/task_system.o"
arm-none-eabi-gcc -o "MdeE_V2.elf" @"objects.list"  -lrdimon -mcpu=cortex-m3 -T"C:\Users\Santiago\Desktop\facu\2025c1\TPF_TDSE\Pruebas_workspace\MdeE_V2\STM32F103RBTX_FLASH.ld" --specs=nosys.specs -Wl,-Map="MdeE_V2.map" -Wl,--gc-sections -static -specs=rdimon.specs --specs=nano.specs -mfloat-abi=soft -mthumb -Wl,--start-group -lc -lm -Wl,--end-group
Finished building target: MdeE_V2.elf
 
arm-none-eabi-size  MdeE_V2.elf 
arm-none-eabi-objdump -h -S MdeE_V2.elf  > "MdeE_V2.list"
   text	   data	    bss	    dec	    hex	filename
  34956	    248	   2480	  37684	   9334	MdeE_V2.elf
Finished building: default.size.stdout
 
Finished building: MdeE_V2.list
 
20:08:00 **** Incremental Build of configuration Debug for project MdeE_V2 ****
make -j4 all 
arm-none-eabi-size  MdeE_V2.elf 
   text	   data	    bss	    dec	    hex	filename
  34956	    248	   2480	  37684	   9334	MdeE_V2.elf
Finished building: default.size.stdout
 
20:09:07 **** Incremental Build of configuration Debug for project MdeE_V2 ****
make -j4 all 
arm-none-eabi-gcc "../app/src/task_display.c" -mcpu=cortex-m3 -std=gnu11 -g3 -DDEBUG -DUSE_HAL_DRIVER -DSTM32F103xB -c -I../Core/Inc -I../Drivers/STM32F1xx_HAL_Driver/Inc -I../Drivers/STM32F1xx_HAL_Driver/Inc/Legacy -I../Drivers/CMSIS/Device/ST/STM32F1xx/Include -I../Drivers/CMSIS/Include -I../app/inc -O0 -ffunction-sections -fdata-sections -Wall -fstack-usage -fcyclomatic-complexity -MMD -MP -MF"app/src/task_display.d" -MT"app/src/task_display.o" --specs=nano.specs -mfloat-abi=soft -mthumb -o "app/src/task_display.o"
arm-none-eabi-gcc -o "MdeE_V2.elf" @"objects.list"  -lrdimon -mcpu=cortex-m3 -T"C:\Users\Santiago\Desktop\facu\2025c1\TPF_TDSE\Pruebas_workspace\MdeE_V2\STM32F103RBTX_FLASH.ld" --specs=nosys.specs -Wl,-Map="MdeE_V2.map" -Wl,--gc-sections -static -specs=rdimon.specs --specs=nano.specs -mfloat-abi=soft -mthumb -Wl,--start-group -lc -lm -Wl,--end-group
Finished building target: MdeE_V2.elf
 
arm-none-eabi-size  MdeE_V2.elf 
arm-none-eabi-objdump -h -S MdeE_V2.elf  > "MdeE_V2.list"
   text	   data	    bss	    dec	    hex	filename
  34964	    248	   2480	  37692	   933c	MdeE_V2.elf
Finished building: default.size.stdout
 
Finished building: MdeE_V2.list
 
20:12:07 **** Incremental Build of configuration Debug for project MdeE_V2 ****
make -j4 all 
arm-none-eabi-gcc "../app/src/task_display.c" -mcpu=cortex-m3 -std=gnu11 -g3 -DDEBUG -DUSE_HAL_DRIVER -DSTM32F103xB -c -I../Core/Inc -I../Drivers/STM32F1xx_HAL_Driver/Inc -I../Drivers/STM32F1xx_HAL_Driver/Inc/Legacy -I../Drivers/CMSIS/Device/ST/STM32F1xx/Include -I../Drivers/CMSIS/Include -I../app/inc -O0 -ffunction-sections -fdata-sections -Wall -fstack-usage -fcyclomatic-complexity -MMD -MP -MF"app/src/task_display.d" -MT"app/src/task_display.o" --specs=nano.specs -mfloat-abi=soft -mthumb -o "app/src/task_display.o"
arm-none-eabi-gcc -o "MdeE_V2.elf" @"objects.list"  -lrdimon -mcpu=cortex-m3 -T"C:\Users\Santiago\Desktop\facu\2025c1\TPF_TDSE\Pruebas_workspace\MdeE_V2\STM32F103RBTX_FLASH.ld" --specs=nosys.specs -Wl,-Map="MdeE_V2.map" -Wl,--gc-sections -static -specs=rdimon.specs --specs=nano.specs -mfloat-abi=soft -mthumb -Wl,--start-group -lc -lm -Wl,--end-group
Finished building target: MdeE_V2.elf
 
arm-none-eabi-size  MdeE_V2.elf 
arm-none-eabi-objdump -h -S MdeE_V2.elf  > "MdeE_V2.list"
   text	   data	    bss	    dec	    hex	filename
  35000	    248	   2480	  37728	   9360	MdeE_V2.elf
Finished building: default.size.stdout
 
Finished building: MdeE_V2.list
 
20:13:05 **** Incremental Build of configuration Debug for project MdeE_V2 ****
make -j4 all 
arm-none-eabi-gcc "../app/src/task_system.c" -mcpu=cortex-m3 -std=gnu11 -g3 -DDEBUG -DUSE_HAL_DRIVER -DSTM32F103xB -c -I../Core/Inc -I../Drivers/STM32F1xx_HAL_Driver/Inc -I../Drivers/STM32F1xx_HAL_Driver/Inc/Legacy -I../Drivers/CMSIS/Device/ST/STM32F1xx/Include -I../Drivers/CMSIS/Include -I../app/inc -O0 -ffunction-sections -fdata-sections -Wall -fstack-usage -fcyclomatic-complexity -MMD -MP -MF"app/src/task_system.d" -MT"app/src/task_system.o" --specs=nano.specs -mfloat-abi=soft -mthumb -o "app/src/task_system.o"
arm-none-eabi-gcc -o "MdeE_V2.elf" @"objects.list"  -lrdimon -mcpu=cortex-m3 -T"C:\Users\Santiago\Desktop\facu\2025c1\TPF_TDSE\Pruebas_workspace\MdeE_V2\STM32F103RBTX_FLASH.ld" --specs=nosys.specs -Wl,-Map="MdeE_V2.map" -Wl,--gc-sections -static -specs=rdimon.specs --specs=nano.specs -mfloat-abi=soft -mthumb -Wl,--start-group -lc -lm -Wl,--end-group
Finished building target: MdeE_V2.elf
 
arm-none-eabi-size  MdeE_V2.elf 
arm-none-eabi-objdump -h -S MdeE_V2.elf  > "MdeE_V2.list"
   text	   data	    bss	    dec	    hex	filename
  35012	    248	   2480	  37740	   936c	MdeE_V2.elf
Finished building: default.size.stdout
 
Finished building: MdeE_V2.list
 
20:16:19 **** Incremental Build of configuration Debug for project MdeE_V2 ****
make -j4 all 
arm-none-eabi-gcc "../app/src/task_system.c" -mcpu=cortex-m3 -std=gnu11 -g3 -DDEBUG -DUSE_HAL_DRIVER -DSTM32F103xB -c -I../Core/Inc -I../Drivers/STM32F1xx_HAL_Driver/Inc -I../Drivers/STM32F1xx_HAL_Driver/Inc/Legacy -I../Drivers/CMSIS/Device/ST/STM32F1xx/Include -I../Drivers/CMSIS/Include -I../app/inc -O0 -ffunction-sections -fdata-sections -Wall -fstack-usage -fcyclomatic-complexity -MMD -MP -MF"app/src/task_system.d" -MT"app/src/task_system.o" --specs=nano.specs -mfloat-abi=soft -mthumb -o "app/src/task_system.o"
arm-none-eabi-gcc -o "MdeE_V2.elf" @"objects.list"  -lrdimon -mcpu=cortex-m3 -T"C:\Users\Santiago\Desktop\facu\2025c1\TPF_TDSE\Pruebas_workspace\MdeE_V2\STM32F103RBTX_FLASH.ld" --specs=nosys.specs -Wl,-Map="MdeE_V2.map" -Wl,--gc-sections -static -specs=rdimon.specs --specs=nano.specs -mfloat-abi=soft -mthumb -Wl,--start-group -lc -lm -Wl,--end-group
Finished building target: MdeE_V2.elf
 
arm-none-eabi-size  MdeE_V2.elf 
arm-none-eabi-objdump -h -S MdeE_V2.elf  > "MdeE_V2.list"
   text	   data	    bss	    dec	    hex	filename
  35028	    248	   2480	  37756	   937c	MdeE_V2.elf
Finished building: default.size.stdout
 
Finished building: MdeE_V2.list
 
20:20:10 **** Incremental Build of configuration Debug for project MdeE_V2 ****
make -j4 all 
arm-none-eabi-size  MdeE_V2.elf 
   text	   data	    bss	    dec	    hex	filename
  35028	    248	   2480	  37756	   937c	MdeE_V2.elf
Finished building: default.size.stdout
 
20:20:23 **** Incremental Build of configuration Debug for project MdeE_V2 ****
make -j4 all 
arm-none-eabi-size  MdeE_V2.elf 
   text	   data	    bss	    dec	    hex	filename
  35028	    248	   2480	  37756	   937c	MdeE_V2.elf
Finished building: default.size.stdout
 
20:21:53 **** Incremental Build of configuration Debug for project MdeE_V2 ****
make -j4 all 
arm-none-eabi-size  MdeE_V2.elf 
   text	   data	    bss	    dec	    hex	filename
  35028	    248	   2480	  37756	   937c	MdeE_V2.elf
Finished building: default.size.stdout
 
20:22:57 **** Incremental Build of configuration Debug for project MdeE_V2 ****
make -j4 all 
arm-none-eabi-size  MdeE_V2.elf 
   text	   data	    bss	    dec	    hex	filename
  35028	    248	   2480	  37756	   937c	MdeE_V2.elf
Finished building: default.size.stdout
 
20:25:26 **** Incremental Build of configuration Debug for project MdeE_V2 ****
make -j4 all 
arm-none-eabi-size  MdeE_V2.elf 
   text	   data	    bss	    dec	    hex	filename
  35028	    248	   2480	  37756	   937c	MdeE_V2.elf
Finished building: default.size.stdout
 
20:26:55 **** Incremental Build of configuration Debug for project MdeE_V2 ****
make -j4 all 
arm-none-eabi-size  MdeE_V2.elf 
   text	   data	    bss	    dec	    hex	filename
  35028	    248	   2480	  37756	   937c	MdeE_V2.elf
Finished building: default.size.stdout
 
20:30:31 **** Incremental Build of configuration Debug for project MdeE_V2 ****
make -j4 all 
arm-none-eabi-size  MdeE_V2.elf 
   text	   data	    bss	    dec	    hex	filename
  35028	    248	   2480	  37756	   937c	MdeE_V2.elf
Finished building: default.size.stdout
 
