17:19:08 **** Incremental Build of configuration Debug for project MdeE_V2 ****
make -j4 all 
arm-none-eabi-gcc "../app/src/task_system.c" -mcpu=cortex-m3 -std=gnu11 -g3 -DDEBUG -DUSE_HAL_DRIVER -DSTM32F103xB -c -I../Core/Inc -I../Drivers/STM32F1xx_HAL_Driver/Inc -I../Drivers/STM32F1xx_HAL_Driver/Inc/Legacy -I../Drivers/CMSIS/Device/ST/STM32F1xx/Include -I../Drivers/CMSIS/Include -I../app/inc -O0 -ffunction-sections -fdata-sections -Wall -fstack-usage -fcyclomatic-complexity -MMD -MP -MF"app/src/task_system.d" -MT"app/src/task_system.o" --specs=nano.specs -mfloat-abi=soft -mthumb -o "app/src/task_system.o"
arm-none-eabi-gcc -o "MdeE_V2.elf" @"objects.list"  -lrdimon -mcpu=cortex-m3 -T"C:\Users\Santiago\Desktop\facu\2025c1\TPF_TDSE\Pruebas_workspace\MdeE_V2\STM32F103RBTX_FLASH.ld" --specs=nosys.specs -Wl,-Map="MdeE_V2.map" -Wl,--gc-sections -static -specs=rdimon.specs --specs=nano.specs -mfloat-abi=soft -mthumb -Wl,--start-group -lc -lm -Wl,--end-group
Finished building target: MdeE_V2.elf
 
arm-none-eabi-size  MdeE_V2.elf 
arm-none-eabi-objdump -h -S MdeE_V2.elf  > "MdeE_V2.list"
   text	   data	    bss	    dec	    hex	filename
  38316	    248	   2528	  41092	   a084	MdeE_V2.elf
Finished building: default.size.stdout
 
Finished building: MdeE_V2.list
 
17:19:26 **** Incremental Build of configuration Debug for project MdeE_V2 ****
make -j4 all 
arm-none-eabi-size  MdeE_V2.elf 
   text	   data	    bss	    dec	    hex	filename
  38316	    248	   2528	  41092	   a084	MdeE_V2.elf
Finished building: default.size.stdout
 
