17:24:22 **** Incremental Build of configuration Debug for project Interrupts ****
make -j4 all 
arm-none-eabi-gcc "../Core/Src/main.c" -mcpu=cortex-m3 -std=gnu11 -g3 -DDEBUG -DUSE_HAL_DRIVER -DSTM32F103xB -c -I../Core/Inc -I../Drivers/STM32F1xx_HAL_Driver/Inc -I../Drivers/STM32F1xx_HAL_Driver/Inc/Legacy -I../Drivers/CMSIS/Device/ST/STM32F1xx/Include -I../Drivers/CMSIS/Include -O0 -ffunction-sections -fdata-sections -Wall -fstack-usage -fcyclomatic-complexity -MMD -MP -MF"Core/Src/main.d" -MT"Core/Src/main.o" --specs=nano.specs -mfloat-abi=soft -mthumb -o "Core/Src/main.o"
arm-none-eabi-gcc -o "Interrupts.elf" @"objects.list"   -mcpu=cortex-m3 -T"C:\Users\Santiago\Desktop\facu\2025c1\TPF_TDSE\Pruebas_workspace\Interrupts\STM32F103RBTX_FLASH.ld" --specs=nosys.specs -Wl,-Map="Interrupts.map" -Wl,--gc-sections -static --specs=nano.specs -mfloat-abi=soft -mthumb -Wl,--start-group -lc -lm -Wl,--end-group
Finished building target: Interrupts.elf
 
arm-none-eabi-size  Interrupts.elf 
arm-none-eabi-objdump -h -S Interrupts.elf  > "Interrupts.list"
   text	   data	    bss	    dec	    hex	filename
   5980	     16	   1656	   7652	   1de4	Interrupts.elf
Finished building: default.size.stdout
 
Finished building: Interrupts.list
 

17:24:25 Build Finished. 0 errors, 0 warnings. (took 2s.620ms)

