13:39:38 **** Incremental Build of configuration Debug for project LCD_I2C ****
make -j4 all 
arm-none-eabi-gcc "../Core/Src/main.c" -mcpu=cortex-m3 -std=gnu11 -g3 -DDEBUG -DUSE_HAL_DRIVER -DSTM32F103xB -c -I../Core/Inc -I../Drivers/STM32F1xx_HAL_Driver/Inc -I../Drivers/STM32F1xx_HAL_Driver/Inc/Legacy -I../Drivers/CMSIS/Device/ST/STM32F1xx/Include -I../Drivers/CMSIS/Include -O0 -ffunction-sections -fdata-sections -Wall -fstack-usage -fcyclomatic-complexity -MMD -MP -MF"Core/Src/main.d" -MT"Core/Src/main.o" --specs=nano.specs -mfloat-abi=soft -mthumb -o "Core/Src/main.o"
arm-none-eabi-gcc -o "LCD_I2C.elf" @"objects.list"   -mcpu=cortex-m3 -T"C:\Users\Santiago\Desktop\facu\2025c1\TPF_TDSE\Pruebas_workspace\LCD_I2C\STM32F103RBTX_FLASH.ld" --specs=nosys.specs -Wl,-Map="LCD_I2C.map" -Wl,--gc-sections -static --specs=nano.specs -mfloat-abi=soft -mthumb -Wl,--start-group -lc -lm -Wl,--end-group
Finished building target: LCD_I2C.elf
 
arm-none-eabi-size  LCD_I2C.elf 
arm-none-eabi-objdump -h -S LCD_I2C.elf  > "LCD_I2C.list"
   text	   data	    bss	    dec	    hex	filename
   9768	     12	   1732	  11512	   2cf8	LCD_I2C.elf
Finished building: default.size.stdout
 
Finished building: LCD_I2C.list
 

13:39:40 Build Finished. 0 errors, 0 warnings. (took 1s.679ms)

